// Jest Snapshot v1, https://goo.gl/fbAQLP

exports[`should render ConfModal correctly 1`] = `
<Modal
  appElement={null}
  ariaHideApp={true}
  bodyOpenClassName="ReactModal__Body--open"
  className="modal"
  closeTimeoutMS={200}
  contentLabel="Are you sure you want to delete the expense?"
  isOpen={false}
  onRequestClose={[Function]}
  parentSelector={[Function]}
  portalClassName="ReactModalPortal"
  shouldCloseOnOverlayClick={true}
>
  <h3
    className="modal__title"
  >
    Are you sure you want to delete the expense?
  </h3>
  <div
    className="modal-container"
  >
    <button
      className="button button--alert removeBtn"
      onClick={[Function]}
    >
      Yes
    </button>
    <button
      className="button button--secondary cancelBtn"
      onClick={[Function]}
    >
      No
    </button>
  </div>
</Modal>
`;
